I'm sorry, but errors were detected in your script. Please correct the
errors listed below, and try again.


File "game/screens.rpy", line 1209: Line is indented, but the preceding ypos statement does not expect a block. Please check this line's indentation. You may have forgotten a colon (:).
    imagebutton: 
    ^

Ren'Py Version: Ren'Py 8.1.1.23060707
Sun Oct  1 14:02:36 2023
